2026-03-27 14:55:43.590  INFO 17356 --- [main] c.e.p.service.UserRolePermissionTest     : Starting UserRolePermissionTest using Java 18 on WIN-FB1L1F5MSGJ with PID 17356 (started by Administrator in C:\Users\Administrator\Desktop\lunwen\backend)
2026-03-27 14:55:43.594 DEBUG 17356 --- [main] c.e.p.service.UserRolePermissionTest     : Running with Spring Boot v2.7.0, Spring v5.3.20
2026-03-27 14:55:43.594  INFO 17356 --- [main] c.e.p.service.UserRolePermissionTest     : The following 1 profile is active: "test"
2026-03-27 14:55:44.502  INFO 17356 --- [main] .s.d.r.c.RepositoryConfigurationDelegate : Multiple Spring Data modules found, entering strict repository configuration mode!
2026-03-27 14:55:44.507  INFO 17356 --- [main] .s.d.r.c.RepositoryConfigurationDelegate : Bootstrapping Spring Data Redis repositories in DEFAULT mode.
2026-03-27 14:55:44.547  INFO 17356 --- [main] .s.d.r.c.RepositoryConfigurationDelegate : Finished Spring Data repository scanning in 19 ms. Found 0 Redis repository interfaces.
2026-03-27 14:55:46.766  INFO 17356 --- [main] com.zaxxer.hikari.HikariDataSource       : HikariPool-1 - Starting...
2026-03-27 14:55:46.982  INFO 17356 --- [main] com.zaxxer.hikari.HikariDataSource       : HikariPool-1 - Start completed.
2026-03-27 14:55:48.288  INFO 17356 --- [main] o.s.s.web.DefaultSecurityFilterChain     : Will secure any request with [org.springframework.security.web.session.DisableEncodeUrlFilter@65d6640, org.springframework.security.web.context.request.async.WebAsyncManagerIntegrationFilter@672d8370, org.springframework.security.web.context.SecurityContextPersistenceFilter@11f9b95a, org.springframework.security.web.header.HeaderWriterFilter@50bb1c1f, org.springframework.security.web.authentication.logout.LogoutFilter@2bc2e022, com.entrepreneur.platform.security.JwtAuthenticationFilter@6451a288, org.springframework.security.web.savedrequest.RequestCacheAwareFilter@299786b1, org.springframework.security.web.servletapi.SecurityContextHolderAwareRequestFilter@38923cfe, org.springframework.security.web.authentication.AnonymousAuthenticationFilter@13137835, org.springframework.security.web.session.SessionManagementFilter@29b5e7db, org.springframework.security.web.access.ExceptionTranslationFilter@3c910acd, org.springframework.security.web.access.intercept.FilterSecurityInterceptor@51df2a41]
2026-03-27 14:55:48.889  INFO 17356 --- [main] o.s.b.a.w.s.WelcomePageHandlerMapping    : Adding welcome page: class path resource [static/index.html]
2026-03-27 14:55:49.385  INFO 17356 --- [main] o.s.m.s.b.SimpleBrokerMessageHandler     : Starting...
2026-03-27 14:55:49.385  INFO 17356 --- [main] o.s.m.s.b.SimpleBrokerMessageHandler     : BrokerAvailabilityEvent[available=true, SimpleBrokerMessageHandler [org.springframework.messaging.simp.broker.DefaultSubscriptionRegistry@6b43b101]]
2026-03-27 14:55:49.387  INFO 17356 --- [main] o.s.m.s.b.SimpleBrokerMessageHandler     : Started.
2026-03-27 14:55:49.410  INFO 17356 --- [main] c.e.p.service.UserRolePermissionTest     : Started UserRolePermissionTest in 6.134 seconds (JVM running for 7.305)
2026-03-27 14:55:49.469  WARN 17356 --- [main] c.b.m.c.t.support.ReflectLambdaMeta      : Unable to make field private final java.lang.Class java.lang.invoke.SerializedLambda.capturingClass accessible: module java.base does not "opens java.lang.invoke" to unnamed module @704a52ec
2026-03-27 14:55:49.553  INFO 17356 --- [main] c.e.platform.init.DataInitializer        : 默认管理员密码已更新: admin / Admin@1234
2026-03-27 14:55:49.554  INFO 17356 --- [main] c.e.platform.init.DataInitializer        : 开始自动爬取创业资讯文章...
2026-03-27 14:55:49.570  INFO 17356 --- [main] c.e.p.service.impl.ArticleServiceImpl    : 开始从软盟资讯爬取文章...
2026-03-27 14:56:48.428  INFO 17356 --- [MessageBroker-1] o.s.w.s.c.WebSocketMessageBrokerStats    : WebSocketSession[0 current WS(0)-HttpStream(0)-HttpPoll(0), 0 total, 0 closed abnormally (0 connect failure, 0 send limit, 0 transport error)], stompSubProtocol[processed CONNECT(0)-CONNECTED(0)-DISCONNECT(0)], stompBrokerRelay[null], inboundChannel[pool size = 0, active threads = 0, queued tasks = 0, completed tasks = 0], outboundChannel[pool size = 0, active threads = 0, queued tasks = 0, completed tasks = 0], sockJsScheduler[pool size = 3, active threads = 1, queued tasks = 2, completed tasks = 0]
2026-03-27 14:56:49.411  INFO 17356 --- [MessageBroker-2] c.e.platform.config.ScheduledTasks       : 应用启动，开始爬取创头条文章...
2026-03-27 14:56:49.413  INFO 17356 --- [MessageBroker-2] c.e.p.service.impl.ArticleServiceImpl    : 开始从软盟资讯爬取文章...
2026-03-27 14:59:25.960  INFO 17356 --- [main] c.e.p.service.impl.ArticleServiceImpl    : 软盟资讯爬取完成，共保存 0 篇新文章
2026-03-27 14:59:26.489  INFO 17356 --- [main] c.e.platform.init.DataInitializer        : 自动爬取完成，共获取 0 篇文章
2026-03-27 14:59:27.076  INFO 17356 --- [SpringApplicationShutdownHook] o.s.m.s.b.SimpleBrokerMessageHandler     : Stopping...
2026-03-27 14:59:27.076  INFO 17356 --- [SpringApplicationShutdownHook] o.s.m.s.b.SimpleBrokerMessageHandler     : BrokerAvailabilityEvent[available=false, SimpleBrokerMessageHandler [org.springframework.messaging.simp.broker.DefaultSubscriptionRegistry@6b43b101]]
2026-03-27 14:59:27.077  INFO 17356 --- [SpringApplicationShutdownHook] o.s.m.s.b.SimpleBrokerMessageHandler     : Stopped.
2026-03-27 14:59:27.204  INFO 17356 --- [SpringApplicationShutdownHook] com.zaxxer.hikari.HikariDataSource       : HikariPool-1 - Shutdown initiated...
2026-03-27 14:59:27.212  INFO 17356 --- [SpringApplicationShutdownHook] com.zaxxer.hikari.HikariDataSource       : HikariPool-1 - Shutdown completed.
2026-03-27 14:59:47.562  INFO 4024 --- [main] c.e.p.EntrepreneurPlatformApplication    : Starting EntrepreneurPlatformApplication v1.0.0 using Java 18 on WIN-FB1L1F5MSGJ with PID 4024 (C:\Users\Administrator\Desktop\lunwen\backend\target\platform-1.0.0.jar started by Administrator in C:\Users\Administrator\Desktop\lunwen\backend)
2026-03-27 14:59:47.565 DEBUG 4024 --- [main] c.e.p.EntrepreneurPlatformApplication    : Running with Spring Boot v2.7.0, Spring v5.3.20
2026-03-27 14:59:47.566  INFO 4024 --- [main] c.e.p.EntrepreneurPlatformApplication    : No active profile set, falling back to 1 default profile: "default"
2026-03-27 14:59:48.379  INFO 4024 --- [main] .s.d.r.c.RepositoryConfigurationDelegate : Multiple Spring Data modules found, entering strict repository configuration mode!
2026-03-27 14:59:48.382  INFO 4024 --- [main] .s.d.r.c.RepositoryConfigurationDelegate : Bootstrapping Spring Data Redis repositories in DEFAULT mode.
2026-03-27 14:59:48.410  INFO 4024 --- [main] .s.d.r.c.RepositoryConfigurationDelegate : Finished Spring Data repository scanning in 13 ms. Found 0 Redis repository interfaces.
2026-03-27 14:59:49.249  INFO 4024 --- [main] o.s.b.w.embedded.tomcat.TomcatWebServer  : Tomcat initialized with port(s): 8080 (http)
2026-03-27 14:59:49.262  INFO 4024 --- [main] o.apache.catalina.core.StandardService   : Starting service [Tomcat]
2026-03-27 14:59:49.262  INFO 4024 --- [main] org.apache.catalina.core.StandardEngine  : Starting Servlet engine: [Apache Tomcat/9.0.63]
2026-03-27 14:59:49.329  INFO 4024 --- [main] o.a.c.c.C.[Tomcat].[localhost].[/api]    : Initializing Spring embedded WebApplicationContext
2026-03-27 14:59:49.330  INFO 4024 --- [main] w.s.c.ServletWebServerApplicationContext : Root WebApplicationContext: initialization completed in 1709 ms
2026-03-27 14:59:49.400 DEBUG 4024 --- [main] c.e.p.security.JwtAuthenticationFilter   : Filter 'jwtAuthenticationFilter' configured for use
2026-03-27 14:59:50.630  INFO 4024 --- [main] com.zaxxer.hikari.HikariDataSource       : HikariPool-1 - Starting...
2026-03-27 14:59:50.786  INFO 4024 --- [main] com.zaxxer.hikari.HikariDataSource       : HikariPool-1 - Start completed.
2026-03-27 14:59:51.826  INFO 4024 --- [main] o.s.s.web.DefaultSecurityFilterChain     : Will secure any request with [org.springframework.security.web.session.DisableEncodeUrlFilter@1ac45389, org.springframework.security.web.context.request.async.WebAsyncManagerIntegrationFilter@3e5d4f6b, org.springframework.security.web.context.SecurityContextPersistenceFilter@162b3d47, org.springframework.security.web.header.HeaderWriterFilter@3874b815, org.springframework.security.web.authentication.logout.LogoutFilter@3a5c2626, com.entrepreneur.platform.security.JwtAuthenticationFilter@7829b776, org.springframework.security.web.savedrequest.RequestCacheAwareFilter@3402b4c9, org.springframework.security.web.servletapi.SecurityContextHolderAwareRequestFilter@363a3d15, org.springframework.security.web.authentication.AnonymousAuthenticationFilter@39c1fe0b, org.springframework.security.web.session.SessionManagementFilter@6940f685, org.springframework.security.web.access.ExceptionTranslationFilter@36b310aa, org.springframework.security.web.access.intercept.FilterSecurityInterceptor@4fad6218]
2026-03-27 14:59:52.132  INFO 4024 --- [main] o.s.b.a.w.s.WelcomePageHandlerMapping    : Adding welcome page: class path resource [static/index.html]
2026-03-27 14:59:52.424  WARN 4024 --- [main] ConfigServletWebServerApplicationContext : Exception encountered during context initialization - cancelling refresh attempt: org.springframework.context.ApplicationContextException: Failed to start bean 'webServerStartStop'; nested exception is org.springframework.boot.web.server.PortInUseException: Port 8080 is already in use
2026-03-27 14:59:52.448  INFO 4024 --- [main] com.zaxxer.hikari.HikariDataSource       : HikariPool-1 - Shutdown initiated...
2026-03-27 14:59:52.457  INFO 4024 --- [main] com.zaxxer.hikari.HikariDataSource       : HikariPool-1 - Shutdown completed.
2026-03-27 14:59:52.462  INFO 4024 --- [main] o.apache.catalina.core.StandardService   : Stopping service [Tomcat]
2026-03-27 14:59:52.476  INFO 4024 --- [main] ConditionEvaluationReportLoggingListener : 

Error starting ApplicationContext. To display the conditions report re-run your application with 'debug' enabled.
2026-03-27 14:59:52.506 ERROR 4024 --- [main] o.s.b.d.LoggingFailureAnalysisReporter   : 

***************************
APPLICATION FAILED TO START
***************************

Description:

Web server failed to start. Port 8080 was already in use.

Action:

Identify and stop the process that's listening on port 8080 or configure this application to listen on another port.

2026-03-27 15:00:38.055  INFO 30748 --- [main] c.e.p.EntrepreneurPlatformApplication    : Starting EntrepreneurPlatformApplication v1.0.0 using Java 18 on WIN-FB1L1F5MSGJ with PID 30748 (C:\Users\Administrator\Desktop\lunwen\backend\target\platform-1.0.0.jar started by Administrator in C:\Users\Administrator\Desktop\lunwen\backend)
2026-03-27 15:00:38.057 DEBUG 30748 --- [main] c.e.p.EntrepreneurPlatformApplication    : Running with Spring Boot v2.7.0, Spring v5.3.20
2026-03-27 15:00:38.058  INFO 30748 --- [main] c.e.p.EntrepreneurPlatformApplication    : No active profile set, falling back to 1 default profile: "default"
2026-03-27 15:00:38.863  INFO 30748 --- [main] .s.d.r.c.RepositoryConfigurationDelegate : Multiple Spring Data modules found, entering strict repository configuration mode!
2026-03-27 15:00:38.875  INFO 30748 --- [main] .s.d.r.c.RepositoryConfigurationDelegate : Bootstrapping Spring Data Redis repositories in DEFAULT mode.
2026-03-27 15:00:38.902  INFO 30748 --- [main] .s.d.r.c.RepositoryConfigurationDelegate : Finished Spring Data repository scanning in 12 ms. Found 0 Redis repository interfaces.
2026-03-27 15:00:39.796  INFO 30748 --- [main] o.s.b.w.embedded.tomcat.TomcatWebServer  : Tomcat initialized with port(s): 8080 (http)
2026-03-27 15:00:39.807  INFO 30748 --- [main] o.apache.catalina.core.StandardService   : Starting service [Tomcat]
2026-03-27 15:00:39.809  INFO 30748 --- [main] org.apache.catalina.core.StandardEngine  : Starting Servlet engine: [Apache Tomcat/9.0.63]
2026-03-27 15:00:39.866  INFO 30748 --- [main] o.a.c.c.C.[Tomcat].[localhost].[/api]    : Initializing Spring embedded WebApplicationContext
2026-03-27 15:00:39.866  INFO 30748 --- [main] w.s.c.ServletWebServerApplicationContext : Root WebApplicationContext: initialization completed in 1752 ms
2026-03-27 15:00:39.927 DEBUG 30748 --- [main] c.e.p.security.JwtAuthenticationFilter   : Filter 'jwtAuthenticationFilter' configured for use
2026-03-27 15:00:41.127  INFO 30748 --- [main] com.zaxxer.hikari.HikariDataSource       : HikariPool-1 - Starting...
2026-03-27 15:00:41.281  INFO 30748 --- [main] com.zaxxer.hikari.HikariDataSource       : HikariPool-1 - Start completed.
2026-03-27 15:00:42.158  INFO 30748 --- [main] o.s.s.web.DefaultSecurityFilterChain     : Will secure any request with [org.springframework.security.web.session.DisableEncodeUrlFilter@36ddaebf, org.springframework.security.web.context.request.async.WebAsyncManagerIntegrationFilter@213c3543, org.springframework.security.web.context.SecurityContextPersistenceFilter@5acc9fdf, org.springframework.security.web.header.HeaderWriterFilter@173f73e7, org.springframework.security.web.authentication.logout.LogoutFilter@5533dc72, com.entrepreneur.platform.security.JwtAuthenticationFilter@72445aba, org.springframework.security.web.savedrequest.RequestCacheAwareFilter@e48bf9a, org.springframework.security.web.servletapi.SecurityContextHolderAwareRequestFilter@1a891add, org.springframework.security.web.authentication.AnonymousAuthenticationFilter@9d7ccfe, org.springframework.security.web.session.SessionManagementFilter@7ee3d262, org.springframework.security.web.access.ExceptionTranslationFilter@46d567cb, org.springframework.security.web.access.intercept.FilterSecurityInterceptor@732c9b5c]
2026-03-27 15:00:42.411  INFO 30748 --- [main] o.s.b.a.w.s.WelcomePageHandlerMapping    : Adding welcome page: class path resource [static/index.html]
2026-03-27 15:00:42.774  INFO 30748 --- [main] o.s.b.w.embedded.tomcat.TomcatWebServer  : Tomcat started on port(s): 8080 (http) with context path '/api'
2026-03-27 15:00:42.775  INFO 30748 --- [main] o.s.m.s.b.SimpleBrokerMessageHandler     : Starting...
2026-03-27 15:00:42.777  INFO 30748 --- [main] o.s.m.s.b.SimpleBrokerMessageHandler     : BrokerAvailabilityEvent[available=true, SimpleBrokerMessageHandler [org.springframework.messaging.simp.broker.DefaultSubscriptionRegistry@6920614]]
2026-03-27 15:00:42.777  INFO 30748 --- [main] o.s.m.s.b.SimpleBrokerMessageHandler     : Started.
2026-03-27 15:00:42.791  INFO 30748 --- [main] c.e.p.EntrepreneurPlatformApplication    : Started EntrepreneurPlatformApplication in 5.201 seconds (JVM running for 5.7)
2026-03-27 15:00:42.986  WARN 30748 --- [main] c.b.m.c.t.support.ReflectLambdaMeta      : Unable to make field private final java.lang.Class java.lang.invoke.SerializedLambda.capturingClass accessible: module java.base does not "opens java.lang.invoke" to unnamed module @3d24753a
2026-03-27 15:00:43.106  INFO 30748 --- [main] c.e.platform.init.DataInitializer        : 默认管理员密码已更新: admin / Admin@1234
2026-03-27 15:00:43.107  INFO 30748 --- [main] c.e.platform.init.DataInitializer        : 开始自动爬取创业资讯文章...
2026-03-27 15:00:43.127  INFO 30748 --- [main] c.e.p.service.impl.ArticleServiceImpl    : 开始从软盟资讯爬取文章...
2026-03-27 15:01:42.246  INFO 30748 --- [MessageBroker-1] o.s.w.s.c.WebSocketMessageBrokerStats    : WebSocketSession[0 current WS(0)-HttpStream(0)-HttpPoll(0), 0 total, 0 closed abnormally (0 connect failure, 0 send limit, 0 transport error)], stompSubProtocol[processed CONNECT(0)-CONNECTED(0)-DISCONNECT(0)], stompBrokerRelay[null], inboundChannel[pool size = 0, active threads = 0, queued tasks = 0, completed tasks = 0], outboundChannel[pool size = 0, active threads = 0, queued tasks = 0, completed tasks = 0], sockJsScheduler[pool size = 3, active threads = 1, queued tasks = 2, completed tasks = 0]
2026-03-27 15:01:42.789  INFO 30748 --- [MessageBroker-2] c.e.platform.config.ScheduledTasks       : 应用启动，开始爬取创头条文章...
2026-03-27 15:01:42.791  INFO 30748 --- [MessageBroker-2] c.e.p.service.impl.ArticleServiceImpl    : 开始从软盟资讯爬取文章...
2026-03-27 15:01:58.827  INFO 30748 --- [http-nio-8080-exec-1] o.a.c.c.C.[Tomcat].[localhost].[/api]    : Initializing Spring DispatcherServlet 'dispatcherServlet'
2026-03-27 15:01:58.828  INFO 30748 --- [http-nio-8080-exec-1] o.s.web.servlet.DispatcherServlet        : Initializing Servlet 'dispatcherServlet'
2026-03-27 15:01:58.830  INFO 30748 --- [http-nio-8080-exec-1] o.s.web.servlet.DispatcherServlet        : Completed initialization in 2 ms
2026-03-27 15:04:32.605  INFO 30748 --- [main] c.e.p.service.impl.ArticleServiceImpl    : 软盟资讯爬取完成，共保存 0 篇新文章
2026-03-27 15:04:33.141  INFO 30748 --- [main] c.e.platform.init.DataInitializer        : 自动爬取完成，共获取 0 篇文章
2026-03-27 15:05:32.230  INFO 30748 --- [MessageBroker-2] c.e.p.service.impl.ArticleServiceImpl    : 软盟资讯爬取完成，共保存 0 篇新文章
2026-03-27 15:05:32.235  INFO 30748 --- [MessageBroker-2] c.e.platform.config.ScheduledTasks       : 启动时爬取完成，共保存 0 篇新文章
2026-03-27 15:17:51.420  INFO 30308 --- [main] c.e.p.service.UserRolePermissionTest     : Starting UserRolePermissionTest using Java 18 on WIN-FB1L1F5MSGJ with PID 30308 (started by Administrator in C:\Users\Administrator\Desktop\lunwen\backend)
2026-03-27 15:17:51.421 DEBUG 30308 --- [main] c.e.p.service.UserRolePermissionTest     : Running with Spring Boot v2.7.0, Spring v5.3.20
2026-03-27 15:17:51.423  INFO 30308 --- [main] c.e.p.service.UserRolePermissionTest     : The following 1 profile is active: "test"
2026-03-27 15:17:52.547  INFO 30308 --- [main] .s.d.r.c.RepositoryConfigurationDelegate : Multiple Spring Data modules found, entering strict repository configuration mode!
2026-03-27 15:17:52.550  INFO 30308 --- [main] .s.d.r.c.RepositoryConfigurationDelegate : Bootstrapping Spring Data Redis repositories in DEFAULT mode.
2026-03-27 15:17:52.590  INFO 30308 --- [main] .s.d.r.c.RepositoryConfigurationDelegate : Finished Spring Data repository scanning in 21 ms. Found 0 Redis repository interfaces.
2026-03-27 15:17:55.404  INFO 30308 --- [main] com.zaxxer.hikari.HikariDataSource       : HikariPool-1 - Starting...
2026-03-27 15:17:55.661  INFO 30308 --- [main] com.zaxxer.hikari.HikariDataSource       : HikariPool-1 - Start completed.
2026-03-27 15:17:57.664  INFO 30308 --- [main] o.s.s.web.DefaultSecurityFilterChain     : Will secure any request with [org.springframework.security.web.session.DisableEncodeUrlFilter@61d42275, org.springframework.security.web.context.request.async.WebAsyncManagerIntegrationFilter@6614289a, org.springframework.security.web.context.SecurityContextPersistenceFilter@4780341, org.springframework.security.web.header.HeaderWriterFilter@2773504f, org.springframework.security.web.authentication.logout.LogoutFilter@29c80149, com.entrepreneur.platform.security.JwtAuthenticationFilter@27261190, org.springframework.security.web.savedrequest.RequestCacheAwareFilter@9f2fe2e, org.springframework.security.web.servletapi.SecurityContextHolderAwareRequestFilter@39342614, org.springframework.security.web.authentication.AnonymousAuthenticationFilter@4148ce43, org.springframework.security.web.session.SessionManagementFilter@1868ed54, org.springframework.security.web.access.ExceptionTranslationFilter@40a7974, org.springframework.security.web.access.intercept.FilterSecurityInterceptor@6a878778]
2026-03-27 15:17:58.448  INFO 30308 --- [main] o.s.b.a.w.s.WelcomePageHandlerMapping    : Adding welcome page: class path resource [static/index.html]
2026-03-27 15:17:59.096  INFO 30308 --- [main] o.s.m.s.b.SimpleBrokerMessageHandler     : Starting...
2026-03-27 15:17:59.096  INFO 30308 --- [main] o.s.m.s.b.SimpleBrokerMessageHandler     : BrokerAvailabilityEvent[available=true, SimpleBrokerMessageHandler [org.springframework.messaging.simp.broker.DefaultSubscriptionRegistry@e3275d3]]
2026-03-27 15:17:59.097  INFO 30308 --- [main] o.s.m.s.b.SimpleBrokerMessageHandler     : Started.
2026-03-27 15:17:59.120  INFO 30308 --- [main] c.e.p.service.UserRolePermissionTest     : Started UserRolePermissionTest in 8.2 seconds (JVM running for 8.967)
2026-03-27 15:17:59.175  WARN 30308 --- [main] c.b.m.c.t.support.ReflectLambdaMeta      : Unable to make field private final java.lang.Class java.lang.invoke.SerializedLambda.capturingClass accessible: module java.base does not "opens java.lang.invoke" to unnamed module @4493d195
2026-03-27 15:17:59.269  INFO 30308 --- [main] c.e.platform.init.DataInitializer        : 默认管理员密码已更新: admin / Admin@1234
2026-03-27 15:17:59.270  INFO 30308 --- [main] c.e.platform.init.DataInitializer        : 开始自动爬取创业资讯文章...
2026-03-27 15:17:59.293  INFO 30308 --- [main] c.e.p.service.impl.ArticleServiceImpl    : 开始从软盟资讯爬取文章...
2026-03-27 15:24:58.359  INFO 30352 --- [main] c.e.p.service.UserRolePermissionTest     : Starting UserRolePermissionTest using Java 18 on WIN-FB1L1F5MSGJ with PID 30352 (started by Administrator in C:\Users\Administrator\Desktop\lunwen\backend)
2026-03-27 15:24:58.361 DEBUG 30352 --- [main] c.e.p.service.UserRolePermissionTest     : Running with Spring Boot v2.7.0, Spring v5.3.20
2026-03-27 15:24:58.362  INFO 30352 --- [main] c.e.p.service.UserRolePermissionTest     : The following 1 profile is active: "test"
2026-03-27 15:24:59.291  INFO 30352 --- [main] .s.d.r.c.RepositoryConfigurationDelegate : Multiple Spring Data modules found, entering strict repository configuration mode!
2026-03-27 15:24:59.294  INFO 30352 --- [main] .s.d.r.c.RepositoryConfigurationDelegate : Bootstrapping Spring Data Redis repositories in DEFAULT mode.
2026-03-27 15:24:59.340  INFO 30352 --- [main] .s.d.r.c.RepositoryConfigurationDelegate : Finished Spring Data repository scanning in 21 ms. Found 0 Redis repository interfaces.
2026-03-27 15:25:01.655  INFO 30352 --- [main] com.zaxxer.hikari.HikariDataSource       : HikariPool-1 - Starting...
2026-03-27 15:25:01.927  INFO 30352 --- [main] com.zaxxer.hikari.HikariDataSource       : HikariPool-1 - Start completed.
2026-03-27 15:25:03.997  INFO 30352 --- [main] o.s.s.web.DefaultSecurityFilterChain     : Will secure any request with [org.springframework.security.web.session.DisableEncodeUrlFilter@78861d9e, org.springframework.security.web.context.request.async.WebAsyncManagerIntegrationFilter@6a878778, org.springframework.security.web.context.SecurityContextPersistenceFilter@5f9a8ddc, org.springframework.security.web.header.HeaderWriterFilter@3dea1ecc, org.springframework.security.web.authentication.logout.LogoutFilter@299786b1, com.entrepreneur.platform.security.JwtAuthenticationFilter@46c662f2, org.springframework.security.web.savedrequest.RequestCacheAwareFilter@1868ed54, org.springframework.security.web.servletapi.SecurityContextHolderAwareRequestFilter@4780341, org.springframework.security.web.authentication.AnonymousAuthenticationFilter@1eabfad5, org.springframework.security.web.session.SessionManagementFilter@5366575d, org.springframework.security.web.access.ExceptionTranslationFilter@76f9e000, org.springframework.security.web.access.intercept.FilterSecurityInterceptor@409395b9]
2026-03-27 15:25:04.618  INFO 30352 --- [main] o.s.b.a.w.s.WelcomePageHandlerMapping    : Adding welcome page: class path resource [static/index.html]
2026-03-27 15:25:05.076  INFO 30352 --- [main] o.s.m.s.b.SimpleBrokerMessageHandler     : Starting...
2026-03-27 15:25:05.076  INFO 30352 --- [main] o.s.m.s.b.SimpleBrokerMessageHandler     : BrokerAvailabilityEvent[available=true, SimpleBrokerMessageHandler [org.springframework.messaging.simp.broker.DefaultSubscriptionRegistry@4088702d]]
2026-03-27 15:25:05.077  INFO 30352 --- [main] o.s.m.s.b.SimpleBrokerMessageHandler     : Started.
2026-03-27 15:25:05.089  INFO 30352 --- [main] c.e.p.service.UserRolePermissionTest     : Started UserRolePermissionTest in 7.097 seconds (JVM running for 8.048)
2026-03-27 15:25:05.158  WARN 30352 --- [main] c.b.m.c.t.support.ReflectLambdaMeta      : Unable to make field private final java.lang.Class java.lang.invoke.SerializedLambda.capturingClass accessible: module java.base does not "opens java.lang.invoke" to unnamed module @4493d195
2026-03-27 15:25:05.244  INFO 30352 --- [main] c.e.platform.init.DataInitializer        : 默认管理员密码已更新: admin / Admin@1234
2026-03-27 15:25:05.245  INFO 30352 --- [main] c.e.platform.init.DataInitializer        : 开始自动爬取创业资讯文章...
2026-03-27 15:25:05.260  INFO 30352 --- [main] c.e.p.service.impl.ArticleServiceImpl    : 开始从软盟资讯爬取文章...
2026-03-27 15:26:04.148  INFO 30352 --- [MessageBroker-1] o.s.w.s.c.WebSocketMessageBrokerStats    : WebSocketSession[0 current WS(0)-HttpStream(0)-HttpPoll(0), 0 total, 0 closed abnormally (0 connect failure, 0 send limit, 0 transport error)], stompSubProtocol[processed CONNECT(0)-CONNECTED(0)-DISCONNECT(0)], stompBrokerRelay[null], inboundChannel[pool size = 0, active threads = 0, queued tasks = 0, completed tasks = 0], outboundChannel[pool size = 0, active threads = 0, queued tasks = 0, completed tasks = 0], sockJsScheduler[pool size = 3, active threads = 1, queued tasks = 2, completed tasks = 0]
2026-03-27 15:26:05.098  INFO 30352 --- [MessageBroker-2] c.e.platform.config.ScheduledTasks       : 应用启动，开始爬取创头条文章...
2026-03-27 15:26:05.099  INFO 30352 --- [MessageBroker-2] c.e.p.service.impl.ArticleServiceImpl    : 开始从软盟资讯爬取文章...
2026-03-27 15:28:37.612  INFO 30352 --- [main] c.e.p.service.impl.ArticleServiceImpl    : 软盟资讯爬取完成，共保存 0 篇新文章
2026-03-27 15:28:38.064  INFO 30352 --- [main] c.e.platform.init.DataInitializer        : 自动爬取完成，共获取 0 篇文章
2026-03-27 15:28:38.590  INFO 30352 --- [SpringApplicationShutdownHook] o.s.m.s.b.SimpleBrokerMessageHandler     : Stopping...
2026-03-27 15:28:38.592  INFO 30352 --- [SpringApplicationShutdownHook] o.s.m.s.b.SimpleBrokerMessageHandler     : BrokerAvailabilityEvent[available=false, SimpleBrokerMessageHandler [org.springframework.messaging.simp.broker.DefaultSubscriptionRegistry@4088702d]]
2026-03-27 15:28:38.592  INFO 30352 --- [SpringApplicationShutdownHook] o.s.m.s.b.SimpleBrokerMessageHandler     : Stopped.
2026-03-27 15:28:38.730  INFO 30352 --- [SpringApplicationShutdownHook] com.zaxxer.hikari.HikariDataSource       : HikariPool-1 - Shutdown initiated...
2026-03-27 15:28:38.737  INFO 30352 --- [SpringApplicationShutdownHook] com.zaxxer.hikari.HikariDataSource       : HikariPool-1 - Shutdown completed.
2026-03-27 15:49:32.168  INFO 25412 --- [main] c.e.p.EntrepreneurPlatformApplication    : Starting EntrepreneurPlatformApplication using Java 18 on WIN-FB1L1F5MSGJ with PID 25412 (C:\Users\Administrator\Desktop\lunwen\backend\target\classes started by Administrator in C:\Users\Administrator\Desktop\lunwen\backend)
2026-03-27 15:49:32.176 DEBUG 25412 --- [main] c.e.p.EntrepreneurPlatformApplication    : Running with Spring Boot v2.7.0, Spring v5.3.20
2026-03-27 15:49:32.177  INFO 25412 --- [main] c.e.p.EntrepreneurPlatformApplication    : No active profile set, falling back to 1 default profile: "default"
2026-03-27 15:49:32.782  INFO 25412 --- [main] .s.d.r.c.RepositoryConfigurationDelegate : Multiple Spring Data modules found, entering strict repository configuration mode!
2026-03-27 15:49:32.783  INFO 25412 --- [main] .s.d.r.c.RepositoryConfigurationDelegate : Bootstrapping Spring Data Redis repositories in DEFAULT mode.
2026-03-27 15:49:32.809  INFO 25412 --- [main] .s.d.r.c.RepositoryConfigurationDelegate : Finished Spring Data repository scanning in 16 ms. Found 0 Redis repository interfaces.
2026-03-27 15:49:33.535  INFO 25412 --- [main] o.s.b.w.embedded.tomcat.TomcatWebServer  : Tomcat initialized with port(s): 8080 (http)
2026-03-27 15:49:33.547  INFO 25412 --- [main] o.apache.catalina.core.StandardService   : Starting service [Tomcat]
2026-03-27 15:49:33.549  INFO 25412 --- [main] org.apache.catalina.core.StandardEngine  : Starting Servlet engine: [Apache Tomcat/9.0.63]
2026-03-27 15:49:33.644  INFO 25412 --- [main] o.a.c.c.C.[Tomcat].[localhost].[/api]    : Initializing Spring embedded WebApplicationContext
2026-03-27 15:49:33.645  INFO 25412 --- [main] w.s.c.ServletWebServerApplicationContext : Root WebApplicationContext: initialization completed in 1425 ms
2026-03-27 15:49:33.694 DEBUG 25412 --- [main] c.e.p.security.JwtAuthenticationFilter   : Filter 'jwtAuthenticationFilter' configured for use
2026-03-27 15:49:34.513  INFO 25412 --- [main] com.zaxxer.hikari.HikariDataSource       : HikariPool-1 - Starting...
2026-03-27 15:49:34.644  INFO 25412 --- [main] com.zaxxer.hikari.HikariDataSource       : HikariPool-1 - Start completed.
2026-03-27 15:49:35.340  INFO 25412 --- [main] o.s.s.web.DefaultSecurityFilterChain     : Will secure any request with [org.springframework.security.web.session.DisableEncodeUrlFilter@126254ec, org.springframework.security.web.context.request.async.WebAsyncManagerIntegrationFilter@275902e1, org.springframework.security.web.context.SecurityContextPersistenceFilter@2a661215, org.springframework.security.web.header.HeaderWriterFilter@1a06602f, org.springframework.security.web.authentication.logout.LogoutFilter@2cc61b3b, com.entrepreneur.platform.security.JwtAuthenticationFilter@32f5ecc4, org.springframework.security.web.savedrequest.RequestCacheAwareFilter@212e39ee, org.springframework.security.web.servletapi.SecurityContextHolderAwareRequestFilter@131d977f, org.springframework.security.web.authentication.AnonymousAuthenticationFilter@1c788d08, org.springframework.security.web.session.SessionManagementFilter@5c60c08, org.springframework.security.web.access.ExceptionTranslationFilter@2047adea, org.springframework.security.web.access.intercept.FilterSecurityInterceptor@34a33343]
2026-03-27 15:49:35.523  INFO 25412 --- [main] o.s.b.a.w.s.WelcomePageHandlerMapping    : Adding welcome page: class path resource [static/index.html]
2026-03-27 15:49:35.788  INFO 25412 --- [main] o.s.b.w.embedded.tomcat.TomcatWebServer  : Tomcat started on port(s): 8080 (http) with context path '/api'
2026-03-27 15:49:35.791  INFO 25412 --- [main] o.s.m.s.b.SimpleBrokerMessageHandler     : Starting...
2026-03-27 15:49:35.792  INFO 25412 --- [main] o.s.m.s.b.SimpleBrokerMessageHandler     : BrokerAvailabilityEvent[available=true, SimpleBrokerMessageHandler [org.springframework.messaging.simp.broker.DefaultSubscriptionRegistry@3fc5d397]]
2026-03-27 15:49:35.792  INFO 25412 --- [main] o.s.m.s.b.SimpleBrokerMessageHandler     : Started.
2026-03-27 15:49:35.801  INFO 25412 --- [main] c.e.p.EntrepreneurPlatformApplication    : Started EntrepreneurPlatformApplication in 3.988 seconds (JVM running for 4.321)
2026-03-27 15:49:35.839  WARN 25412 --- [main] c.b.m.c.t.support.ReflectLambdaMeta      : Unable to make field private final java.lang.Class java.lang.invoke.SerializedLambda.capturingClass accessible: module java.base does not "opens java.lang.invoke" to unnamed module @1a1d6a08
2026-03-27 15:49:35.903  INFO 25412 --- [main] c.e.platform.init.DataInitializer        : 默认管理员密码已更新: admin / Admin@1234
2026-03-27 15:49:35.905  INFO 25412 --- [main] c.e.platform.init.DataInitializer        : 开始自动爬取创业资讯文章...
2026-03-27 15:49:35.919  INFO 25412 --- [main] c.e.p.service.impl.ArticleServiceImpl    : 开始从软盟资讯爬取文章...
2026-03-27 15:50:35.409  INFO 25412 --- [MessageBroker-1] o.s.w.s.c.WebSocketMessageBrokerStats    : WebSocketSession[0 current WS(0)-HttpStream(0)-HttpPoll(0), 0 total, 0 closed abnormally (0 connect failure, 0 send limit, 0 transport error)], stompSubProtocol[processed CONNECT(0)-CONNECTED(0)-DISCONNECT(0)], stompBrokerRelay[null], inboundChannel[pool size = 0, active threads = 0, queued tasks = 0, completed tasks = 0], outboundChannel[pool size = 0, active threads = 0, queued tasks = 0, completed tasks = 0], sockJsScheduler[pool size = 3, active threads = 1, queued tasks = 2, completed tasks = 0]
2026-03-27 15:50:35.804  INFO 25412 --- [MessageBroker-2] c.e.platform.config.ScheduledTasks       : 应用启动，开始爬取创头条文章...
2026-03-27 15:50:35.805  INFO 25412 --- [MessageBroker-2] c.e.p.service.impl.ArticleServiceImpl    : 开始从软盟资讯爬取文章...
2026-03-27 15:50:49.413  INFO 25412 --- [http-nio-8080-exec-1] o.a.c.c.C.[Tomcat].[localhost].[/api]    : Initializing Spring DispatcherServlet 'dispatcherServlet'
2026-03-27 15:50:49.413  INFO 25412 --- [http-nio-8080-exec-1] o.s.web.servlet.DispatcherServlet        : Initializing Servlet 'dispatcherServlet'
2026-03-27 15:50:49.415  INFO 25412 --- [http-nio-8080-exec-1] o.s.web.servlet.DispatcherServlet        : Completed initialization in 1 ms
